<?xml version='1.0' encoding='UTF-8'?>
<checkout-shopping-cart xmlns='http://checkout.google.com/schema/2'>
  <shopping-cart>
    <cart-expiration>
      <good-until-date>2007-11-29T15:33:20Z</good-until-date>
    </cart-expiration>
    <merchant-private-data>
      <we>can</we>
      <we>pass</we>
      <we>in</we>
      <we>some</we>
      <we>data</we>
      <we>here</we>
    </merchant-private-data>
    <items>
      <item>
        <item-name>Item Name 1</item-name>
        <item-description>Description 1</item-description>
        <unit-price currency='USD'>10.00</unit-price>
        <quantity>2</quantity>
        <merchant-item-id>Merchant ID 1</merchant-item-id>
        <merchant-private-item-data>
          <bars>
            <bar>1</bar>
            <bar>2</bar>
          </bars>
          <some>
            <data>Yeah, Yeah!</data>
          </some>
        </merchant-private-item-data>
        <tax-table-selector>Special Table</tax-table-selector>
      </item>
      <item>
        <item-name>Item Name 2</item-name>
        <item-description>Description 2</item-description>
        <unit-price currency='USD'>20.00</unit-price>
        <quantity>4</quantity>
        <merchant-item-id>Merchant ID 2</merchant-item-id>
      </item>
      <item>
        <item-name>Item Name 3</item-name>
        <item-description>Description 3</item-description>
        <unit-price currency='USD'>30.00</unit-price>
        <quantity>6</quantity>
        <merchant-item-id>Merchant ID 3</merchant-item-id>
        <tax-table-selector>Special Table</tax-table-selector>
      </item>
      <item>
        <item-name>Item Name 4</item-name>
        <item-description>Description 4</item-description>
        <unit-price currency='USD'>40.00</unit-price>
        <quantity>8</quantity>
        <merchant-item-id>Merchant ID 4</merchant-item-id>
      </item>
      <item>
        <item-name>Item Name 5</item-name>
        <item-description>Description 5</item-description>
        <unit-price currency='USD'>50.00</unit-price>
        <quantity>10</quantity>
        <merchant-item-id>Merchant ID 5</merchant-item-id>
        <tax-table-selector>Special Table</tax-table-selector>
      </item>
      <item>
        <item-name>Item Name 6</item-name>
        <item-description>Description 6</item-description>
        <unit-price currency='USD'>60.00</unit-price>
        <quantity>12</quantity>
        <merchant-item-id>Merchant ID 6</merchant-item-id>
      </item>
      <item>
        <item-name>Item Name 7</item-name>
        <item-description>Description 7</item-description>
        <unit-price currency='USD'>70.00</unit-price>
        <quantity>14</quantity>
        <merchant-item-id>Merchant ID 7</merchant-item-id>
        <tax-table-selector>Special Table</tax-table-selector>
      </item>
      <item>
        <item-name>Item Name 8</item-name>
        <item-description>Description 8</item-description>
        <unit-price currency='USD'>80.00</unit-price>
        <quantity>16</quantity>
        <merchant-item-id>Merchant ID 8</merchant-item-id>
      </item>
      <item>
        <item-name>Item Name 9</item-name>
        <item-description>Description 9</item-description>
        <unit-price currency='USD'>90.00</unit-price>
        <quantity>18</quantity>
        <merchant-item-id>Merchant ID 9</merchant-item-id>
        <tax-table-selector>Special Table</tax-table-selector>
      </item>
      <item>
        <item-name>Item Name 10</item-name>
        <item-description>Description 10</item-description>
        <unit-price currency='USD'>100.00</unit-price>
        <quantity>20</quantity>
        <merchant-item-id>Merchant ID 10</merchant-item-id>
      </item>
    </items>
  </shopping-cart>
  <checkout-flow-support>
    <merchant-checkout-flow-support>
      <tax-tables>
        <default-tax-table>
          <tax-rules>
            <default-tax-rule>
              <shipping-taxed>false</shipping-taxed>
              <rate>0.04</rate>
              <tax-area>
                <us-country-area country-area='ALL'/>
              </tax-area>
            </default-tax-rule>
            <default-tax-rule>
              <shipping-taxed>true</shipping-taxed>
              <rate>0.03</rate>
              <tax-area>
                <postal-area>
                  <country-code>GB</country-code>
                  <postal-code-pattern>S6*</postal-code-pattern>
                </postal-area>
              </tax-area>
            </default-tax-rule>
            <default-tax-rule>
              <shipping-taxed>false</shipping-taxed>
              <rate>0.07</rate>
              <tax-area>
                <postal-area>
                  <country-code>GB</country-code>
                </postal-area>
              </tax-area>
            </default-tax-rule>
            <default-tax-rule>
              <shipping-taxed>true</shipping-taxed>
              <rate>0.1</rate>
              <tax-area>
                <world-area/>
              </tax-area>
            </default-tax-rule>
          </tax-rules>
        </default-tax-table>
        <alternate-tax-tables>
          <alternate-tax-table name='Special Table' standalone='false'>
            <alternate-tax-rules>
              <alternate-tax-rule>
                <rate>0.02</rate>
                <tax-area>
                  <us-country-area country-area='ALL'/>
                </tax-area>
              </alternate-tax-rule>
            </alternate-tax-rules>
          </alternate-tax-table>
        </alternate-tax-tables>
      </tax-tables>
      <continue-shopping-url>http://wwww.example.com/continue_shopping</continue-shopping-url>
      <edit-cart-url>http://wwww.example.com/edit_cart</edit-cart-url>
      <request-buyer-phone-number>false</request-buyer-phone-number>
      <merchant-calculations>
        <merchant-calculations-url>http://www.example.com/merchant_calcuations</merchant-calculations-url>
        <accept-merchant-coupons>true</accept-merchant-coupons>
        <accept-gift-certificates>true</accept-gift-certificates>
      </merchant-calculations>
      <platform-id>1234567890</platform-id>
      <shipping-methods>
        <pickup name='Pickup Test Shipping'>
          <price currency='USD'>1.00</price>
        </pickup>
        <flat-rate-shipping name='State Test Shipping'>
          <price currency='USD'>1.00</price>
          <shipping-restrictions>
            <allowed-areas>
              <us-state-area>
                <state>CA</state>
              </us-state-area>
            </allowed-areas>
            <excluded-areas>
              <us-state-area>
                <state>TX</state>
              </us-state-area>
            </excluded-areas>
          </shipping-restrictions>
        </flat-rate-shipping>
        <flat-rate-shipping name='Country Area Test Shipping'>
          <price currency='USD'>1.00</price>
          <shipping-restrictions>
            <allowed-areas>
              <us-country-area country-area='FULL_50_STATES'/>
            </allowed-areas>
            <excluded-areas>
              <us-country-area country-area='CONTINENTAL_48'/>
            </excluded-areas>
          </shipping-restrictions>
        </flat-rate-shipping>
        <flat-rate-shipping name='Zip Test Shipping'>
          <price currency='USD'>1.00</price>
          <shipping-restrictions>
            <allowed-areas>
              <us-zip-area>
                <zip-pattern>1*</zip-pattern>
              </us-zip-area>
            </allowed-areas>
            <excluded-areas>
              <us-zip-area>
                <zip-pattern>12*</zip-pattern>
              </us-zip-area>
            </excluded-areas>
          </shipping-restrictions>
        </flat-rate-shipping>
      </shipping-methods>
      <analytics-data>abcd1234defgh5678ijklmn</analytics-data>
    </merchant-checkout-flow-support>
  </checkout-flow-support>
</checkout-shopping-cart>